// Jest Snapshot v1, https://goo.gl/fbAQLP

exports[`Break Break component with textGroup 1`] = `
<div
  className="component"
  data-focussed={false}
  data-id="id"
  data-obo-component={true}
  data-type="ObojoboDraft.Chunks.Break"
  id="obo-id"
  tabIndex={-1}
>
  <div
    className="non-editable-chunk obojobo-draft--chunks--break viewer width-normal"
    contentEditable={false}
    data-hanging-indent={false}
    data-indent={0}
  >
    <hr />
  </div>
</div>
`;
