// Jest Snapshot v1, https://goo.gl/fbAQLP

exports[`HTML editor plugins.renderNode renders a button when passed 1`] = `
<HTML
  attributes={
    Object {
      "dummy": "dummyData",
    }
  }
  dummy="dummyData"
  node={
    Object {
      "data": Object {
        "get": [Function],
      },
      "type": "ObojoboDraft.Chunks.HTML",
    }
  }
/>
`;