// Jest Snapshot v1, https://goo.gl/fbAQLP

exports[`LinkMark renderMark diplays expected style 1`] = `
<SlateWrapper
  element={
    Object {
      "type": "a",
    }
  }
>
  mockChild
</SlateWrapper>
`;
