// Jest Snapshot v1, https://goo.gl/fbAQLP

exports[`File Toolbar FileToolbar node 1`] = `"<div class=\\"visual-editor--file-toolbar\\"><div class=\\"visual-editor--drop-down-menu\\"></div><div class=\\"saved-message saved\\">Saved!</div><div class=\\"obojobo-draft--components--button is-not-dangerous align-center preview-button\\" contenteditable=\\"false\\"><button class=\\"button\\" contenteditable=\\"false\\">Preview Module</button></div></div>"`;

exports[`File Toolbar FileToolbar node in visual editor 1`] = `"<div class=\\"visual-editor--file-toolbar\\"><div class=\\"visual-editor--drop-down-menu\\"></div><div class=\\"saved-message \\">Saved!</div><div class=\\"obojobo-draft--components--button is-not-dangerous align-center preview-button\\" contenteditable=\\"false\\"><button class=\\"button\\" contenteditable=\\"false\\">Preview Module</button></div></div>"`;
