// Jest Snapshot v1, https://goo.gl/fbAQLP

exports[`List Dropper List Dropper component cancels menu closure when focused 1`] = `"<div class=\\"list-dropper\\" contenteditable=\\"false\\"><button class=\\"icon\\" title=\\"unordered list\\" aria-label=\\"unordered list\\"><svg version=\\"1.1\\" xmlns=\\"http://www.w3.org/2000/svg\\" viewBox=\\"0 0 32 32\\"><path d=\\"M9.8,8.5c0,0.8-0.6,1.4-1.4,1.4S7,9.3,7,8.5s0.6-1.4,1.4-1.4S9.8,7.7,9.8,8.5z M9.8,16c0,0.8-0.6,1.4-1.4,1.4S7,16.8,7,16 c0-0.8,0.6-1.4,1.4-1.4S9.8,15.2,9.8,16z M9.8,23.5c0,0.8-0.6,1.4-1.4,1.4S7,24.3,7,23.5s0.6-1.4,1.4-1.4S9.8,22.7,9.8,23.5z\\"></path><rect x=\\"12.5\\" y=\\"8\\" width=\\"12.5\\" height=\\"1\\"></rect><rect x=\\"12.5\\" y=\\"23\\" width=\\"12.5\\" height=\\"1\\"></rect><rect x=\\"12.5\\" y=\\"15\\" width=\\"12.5\\" height=\\"1\\"></rect></svg></button><button class=\\"dropdown  is-not-open\\" aria-label=\\"Open unordered list type menu\\">⌃</button><div class=\\"list-dropper-menu  is-not-open\\"><button>●</button><button>○</button></div></div>"`;

exports[`List Dropper List Dropper component closes menu when unfocused 1`] = `"<div class=\\"list-dropper\\" contenteditable=\\"false\\"><button class=\\"icon\\" title=\\"unordered list\\" aria-label=\\"unordered list\\"><svg version=\\"1.1\\" xmlns=\\"http://www.w3.org/2000/svg\\" viewBox=\\"0 0 32 32\\"><path d=\\"M9.8,8.5c0,0.8-0.6,1.4-1.4,1.4S7,9.3,7,8.5s0.6-1.4,1.4-1.4S9.8,7.7,9.8,8.5z M9.8,16c0,0.8-0.6,1.4-1.4,1.4S7,16.8,7,16 c0-0.8,0.6-1.4,1.4-1.4S9.8,15.2,9.8,16z M9.8,23.5c0,0.8-0.6,1.4-1.4,1.4S7,24.3,7,23.5s0.6-1.4,1.4-1.4S9.8,22.7,9.8,23.5z\\"></path><rect x=\\"12.5\\" y=\\"8\\" width=\\"12.5\\" height=\\"1\\"></rect><rect x=\\"12.5\\" y=\\"23\\" width=\\"12.5\\" height=\\"1\\"></rect><rect x=\\"12.5\\" y=\\"15\\" width=\\"12.5\\" height=\\"1\\"></rect></svg></button><button class=\\"dropdown  is-not-open\\" aria-label=\\"Open unordered list type menu\\">⌃</button><div class=\\"list-dropper-menu  is-not-open\\"><button>●</button><button>○</button></div></div>"`;

exports[`List Dropper List Dropper component moves up and down with keys 1`] = `
Object {
  "currentFocus": NaN,
  "isOpen": false,
}
`;

exports[`List Dropper List Dropper component moves up and down with keys 2`] = `
Object {
  "currentFocus": NaN,
  "isOpen": false,
}
`;

exports[`List Dropper List Dropper component opens and closes menu with keys 1`] = `"<div class=\\"list-dropper\\" contenteditable=\\"false\\"><button class=\\"icon\\" title=\\"unordered list\\" aria-label=\\"unordered list\\"><svg version=\\"1.1\\" xmlns=\\"http://www.w3.org/2000/svg\\" viewBox=\\"0 0 32 32\\"><path d=\\"M9.8,8.5c0,0.8-0.6,1.4-1.4,1.4S7,9.3,7,8.5s0.6-1.4,1.4-1.4S9.8,7.7,9.8,8.5z M9.8,16c0,0.8-0.6,1.4-1.4,1.4S7,16.8,7,16 c0-0.8,0.6-1.4,1.4-1.4S9.8,15.2,9.8,16z M9.8,23.5c0,0.8-0.6,1.4-1.4,1.4S7,24.3,7,23.5s0.6-1.4,1.4-1.4S9.8,22.7,9.8,23.5z\\"></path><rect x=\\"12.5\\" y=\\"8\\" width=\\"12.5\\" height=\\"1\\"></rect><rect x=\\"12.5\\" y=\\"23\\" width=\\"12.5\\" height=\\"1\\"></rect><rect x=\\"12.5\\" y=\\"15\\" width=\\"12.5\\" height=\\"1\\"></rect></svg></button><button class=\\"dropdown  is-open\\" aria-label=\\"Open unordered list type menu\\">⌃</button><div class=\\"list-dropper-menu  is-open\\"><button>●</button><button>○</button></div></div>"`;

exports[`List Dropper List Dropper component opens and closes menu with keys 2`] = `"<div class=\\"list-dropper\\" contenteditable=\\"false\\"><button class=\\"icon\\" title=\\"unordered list\\" aria-label=\\"unordered list\\"><svg version=\\"1.1\\" xmlns=\\"http://www.w3.org/2000/svg\\" viewBox=\\"0 0 32 32\\"><path d=\\"M9.8,8.5c0,0.8-0.6,1.4-1.4,1.4S7,9.3,7,8.5s0.6-1.4,1.4-1.4S9.8,7.7,9.8,8.5z M9.8,16c0,0.8-0.6,1.4-1.4,1.4S7,16.8,7,16 c0-0.8,0.6-1.4,1.4-1.4S9.8,15.2,9.8,16z M9.8,23.5c0,0.8-0.6,1.4-1.4,1.4S7,24.3,7,23.5s0.6-1.4,1.4-1.4S9.8,22.7,9.8,23.5z\\"></path><rect x=\\"12.5\\" y=\\"8\\" width=\\"12.5\\" height=\\"1\\"></rect><rect x=\\"12.5\\" y=\\"23\\" width=\\"12.5\\" height=\\"1\\"></rect><rect x=\\"12.5\\" y=\\"15\\" width=\\"12.5\\" height=\\"1\\"></rect></svg></button><button class=\\"dropdown  is-not-open\\" aria-label=\\"Open unordered list type menu\\">⌃</button><div class=\\"list-dropper-menu  is-not-open\\"><button>●</button><button>○</button></div></div>"`;

exports[`List Dropper List Dropper node 1`] = `"<div class=\\"list-dropper\\" contenteditable=\\"false\\"><button class=\\"icon\\" title=\\"unordered list\\" aria-label=\\"unordered list\\"><svg version=\\"1.1\\" xmlns=\\"http://www.w3.org/2000/svg\\" viewBox=\\"0 0 32 32\\"><path d=\\"M9.8,8.5c0,0.8-0.6,1.4-1.4,1.4S7,9.3,7,8.5s0.6-1.4,1.4-1.4S9.8,7.7,9.8,8.5z M9.8,16c0,0.8-0.6,1.4-1.4,1.4S7,16.8,7,16 c0-0.8,0.6-1.4,1.4-1.4S9.8,15.2,9.8,16z M9.8,23.5c0,0.8-0.6,1.4-1.4,1.4S7,24.3,7,23.5s0.6-1.4,1.4-1.4S9.8,22.7,9.8,23.5z\\"></path><rect x=\\"12.5\\" y=\\"8\\" width=\\"12.5\\" height=\\"1\\"></rect><rect x=\\"12.5\\" y=\\"23\\" width=\\"12.5\\" height=\\"1\\"></rect><rect x=\\"12.5\\" y=\\"15\\" width=\\"12.5\\" height=\\"1\\"></rect></svg></button><button class=\\"dropdown  is-not-open\\" aria-label=\\"Open unordered list type menu\\">⌃</button><div class=\\"list-dropper-menu  is-not-open\\"><button>●</button><button>○</button></div></div>"`;

exports[`List Dropper List Dropper node opens and closes 1`] = `"<div class=\\"list-dropper\\" contenteditable=\\"false\\"><button class=\\"icon\\" title=\\"unordered list\\" aria-label=\\"unordered list\\"><svg version=\\"1.1\\" xmlns=\\"http://www.w3.org/2000/svg\\" viewBox=\\"0 0 32 32\\"><path d=\\"M9.8,8.5c0,0.8-0.6,1.4-1.4,1.4S7,9.3,7,8.5s0.6-1.4,1.4-1.4S9.8,7.7,9.8,8.5z M9.8,16c0,0.8-0.6,1.4-1.4,1.4S7,16.8,7,16 c0-0.8,0.6-1.4,1.4-1.4S9.8,15.2,9.8,16z M9.8,23.5c0,0.8-0.6,1.4-1.4,1.4S7,24.3,7,23.5s0.6-1.4,1.4-1.4S9.8,22.7,9.8,23.5z\\"></path><rect x=\\"12.5\\" y=\\"8\\" width=\\"12.5\\" height=\\"1\\"></rect><rect x=\\"12.5\\" y=\\"23\\" width=\\"12.5\\" height=\\"1\\"></rect><rect x=\\"12.5\\" y=\\"15\\" width=\\"12.5\\" height=\\"1\\"></rect></svg></button><button class=\\"dropdown  is-open\\" aria-label=\\"Open unordered list type menu\\">⌃</button><div class=\\"list-dropper-menu  is-open\\"><button>●</button><button>○</button></div></div>"`;

exports[`List Dropper List Dropper node opens and closes 2`] = `"<div class=\\"list-dropper\\" contenteditable=\\"false\\"><button class=\\"icon\\" title=\\"unordered list\\" aria-label=\\"unordered list\\"><svg version=\\"1.1\\" xmlns=\\"http://www.w3.org/2000/svg\\" viewBox=\\"0 0 32 32\\"><path d=\\"M9.8,8.5c0,0.8-0.6,1.4-1.4,1.4S7,9.3,7,8.5s0.6-1.4,1.4-1.4S9.8,7.7,9.8,8.5z M9.8,16c0,0.8-0.6,1.4-1.4,1.4S7,16.8,7,16 c0-0.8,0.6-1.4,1.4-1.4S9.8,15.2,9.8,16z M9.8,23.5c0,0.8-0.6,1.4-1.4,1.4S7,24.3,7,23.5s0.6-1.4,1.4-1.4S9.8,22.7,9.8,23.5z\\"></path><rect x=\\"12.5\\" y=\\"8\\" width=\\"12.5\\" height=\\"1\\"></rect><rect x=\\"12.5\\" y=\\"23\\" width=\\"12.5\\" height=\\"1\\"></rect><rect x=\\"12.5\\" y=\\"15\\" width=\\"12.5\\" height=\\"1\\"></rect></svg></button><button class=\\"dropdown  is-not-open\\" aria-label=\\"Open unordered list type menu\\">⌃</button><div class=\\"list-dropper-menu  is-not-open\\"><button>●</button><button>○</button></div></div>"`;
