// Jest Snapshot v1, https://goo.gl/fbAQLP

exports[`Admin renders default view correctly 1`] = `
<span
  id="admin-root"
>
  <div
    className="repository--section-wrapper repository--stick-to-top"
    onBlur={[Function]}
    onFocus={[Function]}
    onMouseLeave={[Function]}
  >
    <nav
      className="repository--nav"
    >
      <a
        href="/"
      >
        <div
          className="repository--nav--logo"
        >
          Obojobo
        </div>
      </a>
      <div
        className="repository--nav--links--link"
      >
        <a
          href="/library"
        >
          Module Library
        </a>
      </div>
      <div
        className="repository--nav--links--link"
      >
        <a
          href="/dashboard"
        >
          Dashboard
        </a>
      </div>
      <div
        className="repository--nav--current-user"
      >
        <button
          onClick={[Function]}
        >
          <div
            className="repository--nav--current-user--name"
          >
            firstName lastName
          </div>
          <div
            className="avatar repository--nav--current-user--avatar"
          >
            <div
              className="avatar--image"
            >
              <img
                alt=""
                src="/path/to/avatar"
              />
            </div>
          </div>
        </button>
        <div
          className="repository--nav--current-user--menu is-not-open"
        >
          <div
            className="repository--nav--current-user--link"
          >
            <a
              href="/profile/logout"
            >
              Log Out
            </a>
          </div>
        </div>
      </div>
    </nav>
  </div>
  <div
    className="repository--section-wrapper--full-width repository--section-wrapper--grey default-bg"
  >
    <div
      className="repository--section-wrapper--full-width-bg"
    />
    <section
      className="repository--title-banner repository--info-banner"
    >
      <h1
        className="repository--title-banner--title"
      />
    </section>
  </div>
  <div
    className="repository--section-wrapper"
  >
    <section
      className="repository--main-content"
    >
      <div
        className="wrapper"
      >
        <p
          className="title"
        >
          Find Users to Manage
        </p>
        <mock-Search />
      </div>
      <div
        className="user-list-wrapper"
      >
        <ul
          className="user-list"
        />
      </div>
    </section>
  </div>
</span>
`;
