// Jest Snapshot v1, https://goo.gl/fbAQLP

exports[`HTML editor plugins.renderNode calls next 1`] = `undefined`;

exports[`HTML editor plugins.renderNode renders HTML when passed 1`] = `
<HTML
  attributes={
    Object {
      "dummy": "dummyData",
    }
  }
  dummy="dummyData"
  node={
    Object {
      "data": Object {
        "get": [Function],
      },
      "type": "ObojoboDraft.Chunks.HTML",
    }
  }
/>
`;

exports[`HTML editor plugins.renderPlaceholder exits when not relevent 1`] = `undefined`;

exports[`HTML editor plugins.renderPlaceholder exits when not relevent 2`] = `undefined`;

exports[`HTML editor plugins.renderPlaceholder exits when not relevent 3`] = `undefined`;

exports[`HTML editor plugins.renderPlaceholder renders a placeholder 1`] = `
<span
  className="placeholder"
  contentEditable={false}
  data-placeholder="<!-- HTML code here -->"
/>
`;
