// Jest Snapshot v1, https://goo.gl/fbAQLP

exports[`viewer route launch visit allows EVENT_BEFORE_NEW_VISIT to alter req 1`] = `
Array [
  Object {
    "action": "visit:create",
    "actorTime": "2016-09-22T16:57:14.500Z",
    "contentId": undefined,
    "draftId": "00000000-0000-0000-0000-000000000000",
    "eventVersion": "1.1.0",
    "ip": "::ffff:127.0.0.1",
    "isPreview": false,
    "metadata": Object {},
    "payload": Object {
      "deactivatedVisitId": "mocked-deactivated-visit-id",
      "visitId": "mocked-visit-id",
    },
    "resourceLinkId": 3,
    "userId": 4,
    "visitId": "mocked-visit-id",
  },
]
`;

exports[`viewer route launch visit inserts event \`visit:create\` 1`] = `
Array [
  Object {
    "action": "visit:create",
    "actorTime": "2016-09-22T16:57:14.500Z",
    "contentId": undefined,
    "draftId": "00000000-0000-0000-0000-000000000000",
    "eventVersion": "1.1.0",
    "ip": "::ffff:127.0.0.1",
    "isPreview": false,
    "metadata": Object {},
    "payload": Object {
      "deactivatedVisitId": "mocked-deactivated-visit-id",
      "visitId": "mocked-visit-id",
    },
    "resourceLinkId": 3,
    "userId": 4,
    "visitId": "mocked-visit-id",
  },
]
`;

exports[`viewer route view visit inserts viewer:open event 1`] = `
Array [
  Object {
    "action": "viewer:open",
    "actorTime": "2016-09-22T16:57:14.500Z",
    "contentId": undefined,
    "draftId": "00000000-0000-0000-0000-000000000000",
    "eventVersion": "1.2.0",
    "ip": "::ffff:127.0.0.1",
    "isPreview": undefined,
    "metadata": Object {},
    "payload": Object {
      "isScoreImportable": undefined,
      "visitId": "00000000-0000-0000-0000-000000000000",
    },
    "userId": 4,
    "visitId": "00000000-0000-0000-0000-000000000000",
  },
]
`;
