// Jest Snapshot v1, https://goo.gl/fbAQLP

exports[`Solution Editor Node Solution component 1`] = `
<div
  className="solution-editor"
>
  <div
    className="obojobo-draft--components--button is-not-dangerous align-center delete-button"
    contentEditable={false}
  >
    <button
      className="button"
      contentEditable={false}
      onClick={[Function]}
    >
      Ã—
    </button>
  </div>
</div>
`;
