// Jest Snapshot v1, https://goo.gl/fbAQLP

exports[`BasicMarks renderMark diplays expected style 1`] = `
<strong>
  mockChild
</strong>
`;

exports[`BasicMarks renderMark diplays expected style 2`] = `
<em>
  mockChild
</em>
`;

exports[`BasicMarks renderMark diplays expected style 3`] = `
<del>
  mockChild
</del>
`;

exports[`BasicMarks renderMark diplays expected style 4`] = `
<q>
  mockChild
</q>
`;

exports[`BasicMarks renderMark diplays expected style 5`] = `
<code>
  mockChild
</code>
`;

exports[`BasicMarks renderMark diplays expected style 6`] = `
<span
  className="latex-editor"
>
  mockChild
</span>
`;
