// Jest Snapshot v1, https://goo.gl/fbAQLP

exports[`Variable Properties VariableProperty calls onChange when input changes 1`] = `"<div class=\\"variable-property\\"><label class=\\"group-item\\"><label><strong>Name:</strong></label><input class=\\"variable-property--input-item\\" name=\\"name\\" value=\\"static_var\\"><div class=\\"obojobo-draft--components--more-info-button is-default-label is-mode-hidden\\"><button aria-label=\\"Click to explain variable's name rules\\">?</button></div><div class=\\"obojobo-draft--components--button is-not-dangerous align-center variable-property--delete-button\\"><button class=\\"button\\" contenteditable=\\"false\\">Delete</button></div></label><label class=\\"group-item\\"><label><strong>Type:</strong></label><select class=\\"variable-property--select-item\\" name=\\"type\\"><option value=\\"static-value\\">Static Number of Text Value</option><option value=\\"random-number\\">Random Number</option><option value=\\"static-list\\">Static List</option><option value=\\"random-list\\">Random List</option><option value=\\"random-sequence\\">Random Sequence</option><option value=\\"pick-one\\">Pick One</option><option value=\\"pick-list\\">Pick List</option></select></label><div class=\\"variable-values\\"><label class=\\"variable-values--group\\"><label>Value: </label><input class=\\"variable-property--input-item\\" type=\\"text\\" name=\\"value\\" value=\\"3\\"></label></div><p><strong>Duplicate:</strong></p><div class=\\"obojobo-draft--components--button is-not-dangerous align-center variable-property--duplicate-button\\"><button class=\\"button\\" contenteditable=\\"false\\">Create another variable like this one</button></div></div>"`;

exports[`Variable Properties VariableProperty clicks "delete" will call "deleteVariable" 1`] = `"<div class=\\"variable-property\\"><label class=\\"group-item\\"><label><strong>Name:</strong></label><input class=\\"variable-property--input-item\\" name=\\"name\\" value=\\"static_var\\"><div class=\\"obojobo-draft--components--more-info-button is-default-label is-mode-hidden\\"><button aria-label=\\"Click to explain variable's name rules\\">?</button></div><div class=\\"obojobo-draft--components--button is-not-dangerous align-center variable-property--delete-button\\"><button class=\\"button\\" contenteditable=\\"false\\">Delete</button></div></label><label class=\\"group-item\\"><label><strong>Type:</strong></label><select class=\\"variable-property--select-item\\" name=\\"type\\"><option value=\\"static-value\\">Static Number of Text Value</option><option value=\\"random-number\\">Random Number</option><option value=\\"static-list\\">Static List</option><option value=\\"random-list\\">Random List</option><option value=\\"random-sequence\\">Random Sequence</option><option value=\\"pick-one\\">Pick One</option><option value=\\"pick-list\\">Pick List</option></select></label><div class=\\"variable-values\\"><label class=\\"variable-values--group\\"><label>Value: </label><input class=\\"variable-property--input-item\\" type=\\"text\\" name=\\"value\\" value=\\"3\\"></label></div><p><strong>Duplicate:</strong></p><div class=\\"obojobo-draft--components--button is-not-dangerous align-center variable-property--duplicate-button\\"><button class=\\"button\\" contenteditable=\\"false\\">Create another variable like this one</button></div></div>"`;

exports[`Variable Properties VariableProperty does not call "deleteVariable" when user cancels 1`] = `"<div class=\\"variable-property\\"><label class=\\"group-item\\"><label><strong>Name:</strong></label><input class=\\"variable-property--input-item\\" name=\\"name\\" value=\\"static_var\\"><div class=\\"obojobo-draft--components--more-info-button is-default-label is-mode-hidden\\"><button aria-label=\\"Click to explain variable's name rules\\">?</button></div><div class=\\"obojobo-draft--components--button is-not-dangerous align-center variable-property--delete-button\\"><button class=\\"button\\" contenteditable=\\"false\\">Delete</button></div></label><label class=\\"group-item\\"><label><strong>Type:</strong></label><select class=\\"variable-property--select-item\\" name=\\"type\\"><option value=\\"static-value\\">Static Number of Text Value</option><option value=\\"random-number\\">Random Number</option><option value=\\"static-list\\">Static List</option><option value=\\"random-list\\">Random List</option><option value=\\"random-sequence\\">Random Sequence</option><option value=\\"pick-one\\">Pick One</option><option value=\\"pick-list\\">Pick List</option></select></label><div class=\\"variable-values\\"><label class=\\"variable-values--group\\"><label>Value: </label><input class=\\"variable-property--input-item\\" type=\\"text\\" name=\\"value\\" value=\\"3\\"></label></div><p><strong>Duplicate:</strong></p><div class=\\"obojobo-draft--components--button is-not-dangerous align-center variable-property--duplicate-button\\"><button class=\\"button\\" contenteditable=\\"false\\">Create another variable like this one</button></div></div>"`;

exports[`Variable Properties VariableProperty node 1`] = `"<div class=\\"variable-property\\"><label class=\\"group-item\\"><label><strong>Name:</strong></label><input class=\\"variable-property--input-item\\" name=\\"name\\" value=\\"static_var\\"/><div class=\\"obojobo-draft--components--more-info-button is-default-label is-mode-hidden\\"><button aria-label=\\"Click to explain variable&#x27;s name rules\\">?</button></div><div class=\\"obojobo-draft--components--button is-not-dangerous align-center variable-property--delete-button\\"><button class=\\"button\\" contenteditable=\\"false\\">Delete</button></div></label><label class=\\"group-item\\"><label><strong>Type:</strong></label><select class=\\"variable-property--select-item\\" name=\\"type\\"><option selected=\\"\\" value=\\"static-value\\">Static Number of Text Value</option><option value=\\"random-number\\">Random Number</option><option value=\\"static-list\\">Static List</option><option value=\\"random-list\\">Random List</option><option value=\\"random-sequence\\">Random Sequence</option><option value=\\"pick-one\\">Pick One</option><option value=\\"pick-list\\">Pick List</option></select></label><div class=\\"variable-values\\"><label class=\\"variable-values--group\\"><label>Value: </label><input type=\\"text\\" class=\\"variable-property--input-item\\" name=\\"value\\" value=\\"3\\"/></label></div><p><strong>Duplicate:</strong></p><div class=\\"obojobo-draft--components--button is-not-dangerous align-center variable-property--duplicate-button\\"><button class=\\"button\\" contenteditable=\\"false\\">Create another variable like this one</button></div></div>"`;

exports[`Variable Properties VariableProperty node with invalid variable 1`] = `"<div class=\\"variable-property\\"></div>"`;

exports[`Variable Properties VariableProperty node without default name or type 1`] = `"<div class=\\"variable-property\\"><label class=\\"group-item\\"><label><strong>Name:</strong></label><input class=\\"variable-property--input-item\\" name=\\"name\\" value=\\"\\"/><div class=\\"obojobo-draft--components--more-info-button is-default-label is-mode-hidden\\"><button aria-label=\\"Click to explain variable&#x27;s name rules\\">?</button></div><div class=\\"obojobo-draft--components--button is-not-dangerous align-center variable-property--delete-button\\"><button class=\\"button\\" contenteditable=\\"false\\">Delete</button></div></label><label class=\\"group-item\\"><label><strong>Type:</strong></label><select class=\\"variable-property--select-item\\" name=\\"type\\"><option value=\\"static-value\\">Static Number of Text Value</option><option value=\\"random-number\\">Random Number</option><option value=\\"static-list\\">Static List</option><option value=\\"random-list\\">Random List</option><option value=\\"random-sequence\\">Random Sequence</option><option value=\\"pick-one\\">Pick One</option><option value=\\"pick-list\\">Pick List</option></select></label><p><strong>Duplicate:</strong></p><div class=\\"obojobo-draft--components--button is-not-dangerous align-center variable-property--duplicate-button\\"><button class=\\"button\\" contenteditable=\\"false\\">Create another variable like this one</button></div></div>"`;
